"""
>>> from filer import Filer
>>> f = Filer()

>>> f.read_csv('notFile.csv')
Traceback (most recent call last):
...
FileNotFoundError: No such file or directory

>>> f.read_csv('test_renee.csv')
[['EMPID', 'GENDER', 'AGE', 'SALES', 'BMI', 'SALARY', 'BIRTHDAY'], ['A001', 'M', '26', '200', 'Normal', '20', '08-10-1991'], ['A002', 'F', '26', '300', 'Normal', '30', '09-10-1991']]

>>> f.save_csv('saveFile.csv',[('A001', 'M', 26, 200, 'Normal', 20, '08-10-1991'), ('A002', 'F', 26, 300, 'Normal', 30, '09-10-1991')])
Data is saved

>>> f.read_csv('saveFile.csv')
[['A001', 'M', '26', '200', 'Normal', '20', '08-10-1991'], ['A002', 'F', '26', '300', 'Normal', '30', '09-10-1991']]

>>> f.save_csv('#######.csv', [1,2,3])
can not save the file #######.csv

>>> f.save_txt_file('saveFile.txt',[('A001', 'M', 26, 200, 'Normal', 20, '08-10-1991'), ('A002', 'F', 26, 300, 'Normal', 30, '09-10-1991')])
Data saved to file



"""

