"""
>>> from command import Command
>>> com = Command()

>>> com.do_chart("/11")
Invalid input try again

>>> com.do_chart("")
please enter your option

>>> com.do_chart("/a")
Traceback (most recent call last):
...
TypeError: type NoneType doesn't define __round__ method

>>> com.do_chart("/A")
Traceback (most recent call last):
...
TypeError: type NoneType doesn't define __round__ method











